// Jest Snapshot v1, https://goo.gl/fbAQLP

exports[`Given a SignUpPage component When instantiated Then it should match the snapshot 1`] = `
Array [
  <h2
    className="page__title"
  >
    <span
      className="page__title--bold"
    >
      Sign up
    </span>
  </h2>,
  <form
    className="sc-hKMtZM ctpeAE"
    data-testid="form"
    onSubmit={[Function]}
  >
    <header
      className="sc-eCYdqJ jizDxD"
    >
      <h3
        className="form__heading"
      >
        Sign up
      </h3>
      <span
        className="form__cta-text"
      >
        Share your latests projects with the WideScope community.
      </span>
    </header>
    <div
      className="sc-jSMfEi icykpQ"
    >
      <label
        className="sc-gKXOVf jsDXqo"
        htmlFor="name"
      >
        Name
      </label>
      <input
        className="sc-iBkjds jsjeVM  form__input--user"
        id="name"
        name="name"
        onChange={[Function]}
        placeholder="John Doe"
        type="text"
        value=""
      />
    </div>
    <div
      className="sc-jSMfEi icykpQ"
    >
      <label
        className="sc-gKXOVf jsDXqo"
        htmlFor="password"
      >
        Password
      </label>
      <input
        className="sc-iBkjds jsjeVM  form__input--password"
        id="password"
        name="password"
        onChange={[Function]}
        type="password"
        value=""
      />
    </div>
    <div
      className="sc-jSMfEi icykpQ"
    >
      <label
        className="sc-gKXOVf jsDXqo"
        htmlFor="repeatPassword"
      >
        Repeat password
      </label>
      <input
        className="sc-iBkjds jsjeVM"
        id="repeatPassword"
        name="repeatPassword"
        onChange={[Function]}
        type="password"
        value=""
      />
    </div>
    <div
      className="sc-jSMfEi icykpQ"
    >
      <label
        className="sc-gKXOVf jsDXqo"
        htmlFor="email"
      >
        Email address
      </label>
      <input
        className="sc-iBkjds jsjeVM"
        id="email"
        name="email"
        onChange={[Function]}
        type="email"
        value=""
      />
    </div>
    <div
      className="sc-papXJ kLgKOk"
    >
      <ul
        className="error-list"
      />
    </div>
    <footer
      className="sc-ftvSup kVrNfS"
    >
      <button
        className="sc-bczRLJ jZmJeh undefined button--default "
        onClick={[Function]}
        rel="noopener noreferrer"
        target="_blank"
        type="submit"
      >
        Sign up
      </button>
      <span
        className="form__sign-up-cta"
      >
        Already have an account?
        <a
          href="/log-in"
          onClick={[Function]}
        >
          Log in
        </a>
      </span>
    </footer>
  </form>,
]
`;
