// Jest Snapshot v1, https://goo.gl/fbAQLP

exports[`Given a UserProjectsPage component When instantiated Then it should match the snapshot 1`] = `
Array [
  <h2
    className="page__title"
  >
    Your creations.
    <span
      className="page__title--bold"
    >
       Thanks for sharing!
    </span>
  </h2>,
  <span>
    You don't seem to have any project up. What about sharing one of your works?
  </span>,
]
`;
