// Jest Snapshot v1, https://goo.gl/fbAQLP

exports[`Given a ProjectDetailsPage component When instantiated with a valid param Then it should match the snapshot 1`] = `
<div
  className="page-container"
>
  <span>
    Project not found.
  </span>
</div>
`;
